Archive member included to satisfy reference by file (symbol)

d:/stm32cubeide_1.7.0/stm32cubeide/plugins/com.st.stm32cube.ide.mcu.externaltools.gnu-tools-for-stm32.9-2020-q2-update.win32_2.0.0.202105311346/tools/bin/../lib/gcc/arm-none-eabi/9.3.1/../../../../arm-none-eabi/lib/thumb/v7-m/nofp\libc_nano.a(lib_a-errno.o)
                              ./Core/Src/syscalls.o (__errno)
d:/stm32cubeide_1.7.0/stm32cubeide/plugins/com.st.stm32cube.ide.mcu.externaltools.gnu-tools-for-stm32.9-2020-q2-update.win32_2.0.0.202105311346/tools/bin/../lib/gcc/arm-none-eabi/9.3.1/../../../../arm-none-eabi/lib/thumb/v7-m/nofp\libc_nano.a(lib_a-exit.o)
                              d:/stm32cubeide_1.7.0/stm32cubeide/plugins/com.st.stm32cube.ide.mcu.externaltools.gnu-tools-for-stm32.9-2020-q2-update.win32_2.0.0.202105311346/tools/bin/../lib/gcc/arm-none-eabi/9.3.1/../../../../arm-none-eabi/lib/thumb/v7-m/nofp/crt0.o (exit)
d:/stm32cubeide_1.7.0/stm32cubeide/plugins/com.st.stm32cube.ide.mcu.externaltools.gnu-tools-for-stm32.9-2020-q2-update.win32_2.0.0.202105311346/tools/bin/../lib/gcc/arm-none-eabi/9.3.1/../../../../arm-none-eabi/lib/thumb/v7-m/nofp\libc_nano.a(lib_a-impure.o)
                              d:/stm32cubeide_1.7.0/stm32cubeide/plugins/com.st.stm32cube.ide.mcu.externaltools.gnu-tools-for-stm32.9-2020-q2-update.win32_2.0.0.202105311346/tools/bin/../lib/gcc/arm-none-eabi/9.3.1/../../../../arm-none-eabi/lib/thumb/v7-m/nofp\libc_nano.a(lib_a-exit.o) (_global_impure_ptr)
d:/stm32cubeide_1.7.0/stm32cubeide/plugins/com.st.stm32cube.ide.mcu.externaltools.gnu-tools-for-stm32.9-2020-q2-update.win32_2.0.0.202105311346/tools/bin/../lib/gcc/arm-none-eabi/9.3.1/../../../../arm-none-eabi/lib/thumb/v7-m/nofp\libc_nano.a(lib_a-init.o)
                              d:/stm32cubeide_1.7.0/stm32cubeide/plugins/com.st.stm32cube.ide.mcu.externaltools.gnu-tools-for-stm32.9-2020-q2-update.win32_2.0.0.202105311346/tools/bin/../lib/gcc/arm-none-eabi/9.3.1/../../../../arm-none-eabi/lib/thumb/v7-m/nofp/crt0.o (__libc_init_array)
d:/stm32cubeide_1.7.0/stm32cubeide/plugins/com.st.stm32cube.ide.mcu.externaltools.gnu-tools-for-stm32.9-2020-q2-update.win32_2.0.0.202105311346/tools/bin/../lib/gcc/arm-none-eabi/9.3.1/../../../../arm-none-eabi/lib/thumb/v7-m/nofp\libc_nano.a(lib_a-memset.o)
                              d:/stm32cubeide_1.7.0/stm32cubeide/plugins/com.st.stm32cube.ide.mcu.externaltools.gnu-tools-for-stm32.9-2020-q2-update.win32_2.0.0.202105311346/tools/bin/../lib/gcc/arm-none-eabi/9.3.1/../../../../arm-none-eabi/lib/thumb/v7-m/nofp/crt0.o (memset)

Allocating common symbols
Common symbol       size              file

timer_counter       0x28              ./Core/Src/timer.o
uwTick              0x4               ./Drivers/STM32F1xx_HAL_Driver/Src/stm32f1xx_hal.o
pFlash              0x20              ./Drivers/STM32F1xx_HAL_Driver/Src/stm32f1xx_hal_flash.o
timer_flag          0x28              ./Core/Src/timer.o
htim2               0x48              ./Core/Src/main.o

Discarded input sections

 .text          0x0000000000000000        0x0 d:/stm32cubeide_1.7.0/stm32cubeide/plugins/com.st.stm32cube.ide.mcu.externaltools.gnu-tools-for-stm32.9-2020-q2-update.win32_2.0.0.202105311346/tools/bin/../lib/gcc/arm-none-eabi/9.3.1/thumb/v7-m/nofp/crti.o
 .data          0x0000000000000000        0x0 d:/stm32cubeide_1.7.0/stm32cubeide/plugins/com.st.stm32cube.ide.mcu.externaltools.gnu-tools-for-stm32.9-2020-q2-update.win32_2.0.0.202105311346/tools/bin/../lib/gcc/arm-none-eabi/9.3.1/thumb/v7-m/nofp/crti.o
 .bss           0x0000000000000000        0x0 d:/stm32cubeide_1.7.0/stm32cubeide/plugins/com.st.stm32cube.ide.mcu.externaltools.gnu-tools-for-stm32.9-2020-q2-update.win32_2.0.0.202105311346/tools/bin/../lib/gcc/arm-none-eabi/9.3.1/thumb/v7-m/nofp/crti.o
 .data          0x0000000000000000        0x4 d:/stm32cubeide_1.7.0/stm32cubeide/plugins/com.st.stm32cube.ide.mcu.externaltools.gnu-tools-for-stm32.9-2020-q2-update.win32_2.0.0.202105311346/tools/bin/../lib/gcc/arm-none-eabi/9.3.1/thumb/v7-m/nofp/crtbegin.o
 .text          0x0000000000000000       0x7c d:/stm32cubeide_1.7.0/stm32cubeide/plugins/com.st.stm32cube.ide.mcu.externaltools.gnu-tools-for-stm32.9-2020-q2-update.win32_2.0.0.202105311346/tools/bin/../lib/gcc/arm-none-eabi/9.3.1/../../../../arm-none-eabi/lib/thumb/v7-m/nofp/crt0.o
 .data          0x0000000000000000        0x0 d:/stm32cubeide_1.7.0/stm32cubeide/plugins/com.st.stm32cube.ide.mcu.externaltools.gnu-tools-for-stm32.9-2020-q2-update.win32_2.0.0.202105311346/tools/bin/../lib/gcc/arm-none-eabi/9.3.1/../../../../arm-none-eabi/lib/thumb/v7-m/nofp/crt0.o
 .bss           0x0000000000000000        0x0 d:/stm32cubeide_1.7.0/stm32cubeide/plugins/com.st.stm32cube.ide.mcu.externaltools.gnu-tools-for-stm32.9-2020-q2-update.win32_2.0.0.202105311346/tools/bin/../lib/gcc/arm-none-eabi/9.3.1/../../../../arm-none-eabi/lib/thumb/v7-m/nofp/crt0.o
[...]
Memory Configuration

Name             Origin             Length             Attributes
RAM              0x0000000020000000 0x0000000000002800 xrw
FLASH            0x0000000008000000 0x0000000000008000 xr
*default*        0x0000000000000000 0xffffffffffffffff

Linker script and memory map

LOAD d:/stm32cubeide_1.7.0/stm32cubeide/plugins/com.st.stm32cube.ide.mcu.externaltools.gnu-tools-for-stm32.9-2020-q2-update.win32_2.0.0.202105311346/tools/bin/../lib/gcc/arm-none-eabi/9.3.1/thumb/v7-m/nofp/crti.o
LOAD d:/stm32cubeide_1.7.0/stm32cubeide/plugins/com.st.stm32cube.ide.mcu.externaltools.gnu-tools-for-stm32.9-2020-q2-update.win32_2.0.0.202105311346/tools/bin/../lib/gcc/arm-none-eabi/9.3.1/thumb/v7-m/nofp/crtbegin.o
LOAD d:/stm32cubeide_1.7.0/stm32cubeide/plugins/com.st.stm32cube.ide.mcu.externaltools.gnu-tools-for-stm32.9-2020-q2-update.win32_2.0.0.202105311346/tools/bin/../lib/gcc/arm-none-eabi/9.3.1/../../../../arm-none-eabi/lib/thumb/v7-m/nofp/crt0.o
LOAD ./Core/Src/input_processing.o
LOAD ./Core/Src/input_reading.o
LOAD ./Core/Src/led_display.o
LOAD ./Core/Src/main.o
LOAD ./Core/Src/stm32f1xx_hal_msp.o
LOAD ./Core/Src/stm32f1xx_it.o
LOAD ./Core/Src/syscalls.o
LOAD ./Core/Src/sysmem.o
LOAD ./Core/Src/system_stm32f1xx.o
LOAD ./Core/Src/timer.o
LOAD ./Core/Startup/startup_stm32f103c6ux.o
LOAD ./Drivers/STM32F1xx_HAL_Driver/Src/stm32f1xx_hal.o
LOAD ./Drivers/STM32F1xx_HAL_Driver/Src/stm32f1xx_hal_cortex.o
LOAD ./Drivers/STM32F1xx_HAL_Driver/Src/stm32f1xx_hal_dma.o
LOAD ./Drivers/STM32F1xx_HAL_Driver/Src/stm32f1xx_hal_exti.o
LOAD ./Drivers/STM32F1xx_HAL_Driver/Src/stm32f1xx_hal_flash.o
LOAD ./Drivers/STM32F1xx_HAL_Driver/Src/stm32f1xx_hal_flash_ex.o
LOAD ./Drivers/STM32F1xx_HAL_Driver/Src/stm32f1xx_hal_gpio.o
LOAD ./Drivers/STM32F1xx_HAL_Driver/Src/stm32f1xx_hal_gpio_ex.o
LOAD ./Drivers/STM32F1xx_HAL_Driver/Src/stm32f1xx_hal_pwr.o
LOAD ./Drivers/STM32F1xx_HAL_Driver/Src/stm32f1xx_hal_rcc.o
LOAD ./Drivers/STM32F1xx_HAL_Driver/Src/stm32f1xx_hal_rcc_ex.o
LOAD ./Drivers/STM32F1xx_HAL_Driver/Src/stm32f1xx_hal_tim.o
LOAD ./Drivers/STM32F1xx_HAL_Driver/Src/stm32f1xx_hal_tim_ex.o
START GROUP
LOAD d:/stm32cubeide_1.7.0/stm32cubeide/plugins/com.st.stm32cube.ide.mcu.externaltools.gnu-tools-for-stm32.9-2020-q2-update.win32_2.0.0.202105311346/tools/bin/../lib/gcc/arm-none-eabi/9.3.1/../../../../arm-none-eabi/lib/thumb/v7-m/nofp\libc_nano.a
LOAD d:/stm32cubeide_1.7.0/stm32cubeide/plugins/com.st.stm32cube.ide.mcu.externaltools.gnu-tools-for-stm32.9-2020-q2-update.win32_2.0.0.202105311346/tools/bin/../lib/gcc/arm-none-eabi/9.3.1/../../../../arm-none-eabi/lib/thumb/v7-m/nofp\libm.a
END GROUP
START GROUP
LOAD d:/stm32cubeide_1.7.0/stm32cubeide/plugins/com.st.stm32cube.ide.mcu.externaltools.gnu-tools-for-stm32.9-2020-q2-update.win32_2.0.0.202105311346/tools/bin/../lib/gcc/arm-none-eabi/9.3.1/thumb/v7-m/nofp\libgcc.a
LOAD d:/stm32cubeide_1.7.0/stm32cubeide/plugins/com.st.stm32cube.ide.mcu.externaltools.gnu-tools-for-stm32.9-2020-q2-update.win32_2.0.0.202105311346/tools/bin/../lib/gcc/arm-none-eabi/9.3.1/../../../../arm-none-eabi/lib/thumb/v7-m/nofp\libc_nano.a
END GROUP
START GROUP
LOAD d:/stm32cubeide_1.7.0/stm32cubeide/plugins/com.st.stm32cube.ide.mcu.externaltools.gnu-tools-for-stm32.9-2020-q2-update.win32_2.0.0.202105311346/tools/bin/../lib/gcc/arm-none-eabi/9.3.1/thumb/v7-m/nofp\libgcc.a
LOAD d:/stm32cubeide_1.7.0/stm32cubeide/plugins/com.st.stm32cube.ide.mcu.externaltools.gnu-tools-for-stm32.9-2020-q2-update.win32_2.0.0.202105311346/tools/bin/../lib/gcc/arm-none-eabi/9.3.1/../../../../arm-none-eabi/lib/thumb/v7-m/nofp\libc_nano.a
LOAD d:/stm32cubeide_1.7.0/stm32cubeide/plugins/com.st.stm32cube.ide.mcu.externaltools.gnu-tools-for-stm32.9-2020-q2-update.win32_2.0.0.202105311346/tools/bin/../lib/gcc/arm-none-eabi/9.3.1/../../../../arm-none-eabi/lib/thumb/v7-m/nofp\libnosys.a
END GROUP
START GROUP
LOAD d:/stm32cubeide_1.7.0/stm32cubeide/plugins/com.st.stm32cube.ide.mcu.externaltools.gnu-tools-for-stm32.9-2020-q2-update.win32_2.0.0.202105311346/tools/bin/../lib/gcc/arm-none-eabi/9.3.1/thumb/v7-m/nofp\libgcc.a
LOAD d:/stm32cubeide_1.7.0/stm32cubeide/plugins/com.st.stm32cube.ide.mcu.externaltools.gnu-tools-for-stm32.9-2020-q2-update.win32_2.0.0.202105311346/tools/bin/../lib/gcc/arm-none-eabi/9.3.1/../../../../arm-none-eabi/lib/thumb/v7-m/nofp\libc_nano.a
LOAD d:/stm32cubeide_1.7.0/stm32cubeide/plugins/com.st.stm32cube.ide.mcu.externaltools.gnu-tools-for-stm32.9-2020-q2-update.win32_2.0.0.202105311346/tools/bin/../lib/gcc/arm-none-eabi/9.3.1/../../../../arm-none-eabi/lib/thumb/v7-m/nofp\libnosys.a
END GROUP
LOAD d:/stm32cubeide_1.7.0/stm32cubeide/plugins/com.st.stm32cube.ide.mcu.externaltools.gnu-tools-for-stm32.9-2020-q2-update.win32_2.0.0.202105311346/tools/bin/../lib/gcc/arm-none-eabi/9.3.1/thumb/v7-m/nofp/crtend.o
LOAD d:/stm32cubeide_1.7.0/stm32cubeide/plugins/com.st.stm32cube.ide.mcu.externaltools.gnu-tools-for-stm32.9-2020-q2-update.win32_2.0.0.202105311346/tools/bin/../lib/gcc/arm-none-eabi/9.3.1/thumb/v7-m/nofp/crtn.o
                0x0000000020002800                _estack = (ORIGIN (RAM) + LENGTH (RAM))
                0x0000000000000200                _Min_Heap_Size = 0x200
                0x0000000000000400                _Min_Stack_Size = 0x400

.isr_vector     0x0000000008000000      0x10c
                0x0000000008000000                . = ALIGN (0x4)
 *(.isr_vector)
 .isr_vector    0x0000000008000000      0x10c ./Core/Startup/startup_stm32f103c6ux.o
                0x0000000008000000                g_pfnVectors
                0x000000000800010c                . = ALIGN (0x4)

.text           0x000000000800010c     0x2d84
                0x000000000800010c                . = ALIGN (0x4)
 *(.text)
 .text          0x000000000800010c       0x40 d:/stm32cubeide_1.7.0/stm32cubeide/plugins/com.st.stm32cube.ide.mcu.externaltools.gnu-tools-for-stm32.9-2020-q2-update.win32_2.0.0.202105311346/tools/bin/../lib/gcc/arm-none-eabi/9.3.1/thumb/v7-m/nofp/crtbegin.o
 *(.text*)
 .text.updateLedBuffer_0
                0x000000000800014c       0x48 ./Core/Src/input_processing.o
                0x000000000800014c                updateLedBuffer_0
 .text.updateLedBuffer_1
                0x0000000008000194       0x48 ./Core/Src/input_processing.o
                0x0000000008000194                updateLedBuffer_1
 .text.get_red_counter_buffer
                0x00000000080001dc       0x14 ./Core/Src/input_processing.o
                0x00000000080001dc                get_red_counter_buffer
 .text.get_amber_counter_buffer
                0x00000000080001f0       0x14 ./Core/Src/input_processing.o
                0x00000000080001f0                get_amber_counter_buffer
 .text.get_green_counter_buffer
                0x0000000008000204       0x14 ./Core/Src/input_processing.o
                0x0000000008000204                get_green_counter_buffer
 .text.balanceCounterInMode
                0x0000000008000218       0xd4 ./Core/Src/input_processing.o
                0x0000000008000218                balanceCounterInMode
 .text.fsm_for_input_processing
                0x00000000080002ec      0x5b8 ./Core/Src/input_processing.o
                0x00000000080002ec                fsm_for_input_processing
 .text.button_reading
                0x00000000080008a4      0x130 ./Core/Src/input_reading.o
                0x00000000080008a4                button_reading
 .text.is_button_pressed
                0x00000000080009d4       0x34 ./Core/Src/input_reading.o
                0x00000000080009d4                is_button_pressed
 .text.is_button_pressed_1s
                0x0000000008000a08       0x34 ./Core/Src/input_reading.o
                0x0000000008000a08                is_button_pressed_1s
 .text.display7SEG_0
                0x0000000008000a3c       0xf4 ./Core/Src/led_display.o
                0x0000000008000a3c                display7SEG_0
 .text.display7SEG_1
                0x0000000008000b30       0xf8 ./Core/Src/led_display.o
                0x0000000008000b30                display7SEG_1
 .text.update7SEG_0
                0x0000000008000c28       0x60 ./Core/Src/led_display.o
                0x0000000008000c28                update7SEG_0
 .text.update7SEG_1
                0x0000000008000c88       0x60 ./Core/Src/led_display.o
                0x0000000008000c88                update7SEG_1
 .text.clearAllLeds
                0x0000000008000ce8       0x48 ./Core/Src/led_display.o
                0x0000000008000ce8                clearAllLeds
 .text.displayLED_0
                0x0000000008000d30       0x74 ./Core/Src/led_display.o
                0x0000000008000d30                displayLED_0
 .text.displayLED_1
                0x0000000008000da4       0x74 ./Core/Src/led_display.o
                0x0000000008000da4                displayLED_1
 .text.initState
                0x0000000008000e18      0x160 ./Core/Src/led_display.o
                0x0000000008000e18                initState
 .text.resetState
                0x0000000008000f78      0x110 ./Core/Src/led_display.o
                0x0000000008000f78                resetState
 .text.trafficCounter
                0x0000000008001088      0x230 ./Core/Src/led_display.o
                0x0000000008001088                trafficCounter
 .text.blinkLED
                0x00000000080012b8       0x80 ./Core/Src/led_display.o
                0x00000000080012b8                blinkLED
 .text.outputProcessing
                0x0000000008001338       0x88 ./Core/Src/led_display.o
                0x0000000008001338                outputProcessing
 .text.main     0x00000000080013c0       0x2c ./Core/Src/main.o
                0x00000000080013c0                main
 .text.SystemClock_Config
                0x00000000080013ec       0x76 ./Core/Src/main.o
                0x00000000080013ec                SystemClock_Config
 *fill*         0x0000000008001462        0x2 
 .text.MX_TIM2_Init
                0x0000000008001464       0x98 ./Core/Src/main.o
 .text.MX_GPIO_Init
                0x00000000080014fc       0xe0 ./Core/Src/main.o
 .text.Error_Handler
                0x00000000080015dc        0xa ./Core/Src/main.o
                0x00000000080015dc                Error_Handler
 *fill*         0x00000000080015e6        0x2 
 .text.HAL_MspInit
                0x00000000080015e8       0x64 ./Core/Src/stm32f1xx_hal_msp.o
                0x00000000080015e8                HAL_MspInit
 .text.HAL_TIM_Base_MspInit
                0x000000000800164c       0x48 ./Core/Src/stm32f1xx_hal_msp.o
                0x000000000800164c                HAL_TIM_Base_MspInit
 .text.NMI_Handler
                0x0000000008001694        0x6 ./Core/Src/stm32f1xx_it.o
                0x0000000008001694                NMI_Handler
 .text.HardFault_Handler
                0x000000000800169a        0x6 ./Core/Src/stm32f1xx_it.o
                0x000000000800169a                HardFault_Handler
 .text.MemManage_Handler
                0x00000000080016a0        0x6 ./Core/Src/stm32f1xx_it.o
                0x00000000080016a0                MemManage_Handler
 .text.BusFault_Handler
                0x00000000080016a6        0x6 ./Core/Src/stm32f1xx_it.o
                0x00000000080016a6                BusFault_Handler
 .text.UsageFault_Handler
                0x00000000080016ac        0x6 ./Core/Src/stm32f1xx_it.o
                0x00000000080016ac                UsageFault_Handler
 .text.SVC_Handler
                0x00000000080016b2        0xc ./Core/Src/stm32f1xx_it.o
                0x00000000080016b2                SVC_Handler
 .text.DebugMon_Handler
                0x00000000080016be        0xc ./Core/Src/stm32f1xx_it.o
                0x00000000080016be                DebugMon_Handler
 .text.PendSV_Handler
                0x00000000080016ca        0xc ./Core/Src/stm32f1xx_it.o
                0x00000000080016ca                PendSV_Handler
 .text.SysTick_Handler
                0x00000000080016d6        0xc ./Core/Src/stm32f1xx_it.o
                0x00000000080016d6                SysTick_Handler
 *fill*         0x00000000080016e2        0x2 
 .text.TIM2_IRQHandler
                0x00000000080016e4       0x14 ./Core/Src/stm32f1xx_it.o
                0x00000000080016e4                TIM2_IRQHandler
 .text.SystemInit
                0x00000000080016f8        0xc ./Core/Src/system_stm32f1xx.o
                0x00000000080016f8                SystemInit
 .text.setTimer
                0x0000000008001704       0x44 ./Core/Src/timer.o
                0x0000000008001704                setTimer
 .text.checkTimerFlag
                0x0000000008001748       0x34 ./Core/Src/timer.o
                0x0000000008001748                checkTimerFlag
 .text.timerRun
                0x000000000800177c       0x60 ./Core/Src/timer.o
                0x000000000800177c                timerRun
 .text.HAL_TIM_PeriodElapsedCallback
                0x00000000080017dc       0x22 ./Core/Src/timer.o
                0x00000000080017dc                HAL_TIM_PeriodElapsedCallback
 *fill*         0x00000000080017fe        0x2 
 .text.Reset_Handler
                0x0000000008001800       0x48 ./Core/Startup/startup_stm32f103c6ux.o
                0x0000000008001800                Reset_Handler
 .text.Default_Handler
                0x0000000008001848        0x2 ./Core/Startup/startup_stm32f103c6ux.o
                0x0000000008001848                RTC_Alarm_IRQHandler
                0x0000000008001848                EXTI2_IRQHandler
                0x0000000008001848                TIM1_CC_IRQHandler
                0x0000000008001848                PVD_IRQHandler
                0x0000000008001848                EXTI3_IRQHandler
                0x0000000008001848                EXTI0_IRQHandler
                0x0000000008001848                ADC1_2_IRQHandler
                0x0000000008001848                SPI1_IRQHandler
                0x0000000008001848                TAMPER_IRQHandler
                0x0000000008001848                DMA1_Channel4_IRQHandler
                0x0000000008001848                RTC_IRQHandler
                0x0000000008001848                DMA1_Channel7_IRQHandler
                0x0000000008001848                CAN1_RX1_IRQHandler
                0x0000000008001848                I2C1_EV_IRQHandler
                0x0000000008001848                DMA1_Channel6_IRQHandler
                0x0000000008001848                TIM3_IRQHandler
                0x0000000008001848                RCC_IRQHandler
                0x0000000008001848                TIM1_TRG_COM_IRQHandler
                0x0000000008001848                DMA1_Channel1_IRQHandler
                0x0000000008001848                Default_Handler
                0x0000000008001848                EXTI15_10_IRQHandler
                0x0000000008001848                EXTI9_5_IRQHandler
                0x0000000008001848                DMA1_Channel5_IRQHandler
                0x0000000008001848                EXTI4_IRQHandler
                0x0000000008001848                USB_LP_CAN1_RX0_IRQHandler
                0x0000000008001848                USB_HP_CAN1_TX_IRQHandler
                0x0000000008001848                DMA1_Channel3_IRQHandler
                0x0000000008001848                TIM1_UP_IRQHandler
                0x0000000008001848                WWDG_IRQHandler
                0x0000000008001848                TIM1_BRK_IRQHandler
                0x0000000008001848                EXTI1_IRQHandler
                0x0000000008001848                USART2_IRQHandler
                0x0000000008001848                DMA1_Channel2_IRQHandler
                0x0000000008001848                CAN1_SCE_IRQHandler
                0x0000000008001848                FLASH_IRQHandler
                0x0000000008001848                USART1_IRQHandler
                0x0000000008001848                I2C1_ER_IRQHandler
                0x0000000008001848                USBWakeUp_IRQHandler
 *fill*         0x000000000800184a        0x2 
 .text.HAL_Init
                0x000000000800184c       0x2c ./Drivers/STM32F1xx_HAL_Driver/Src/stm32f1xx_hal.o
                0x000000000800184c                HAL_Init
 .text.HAL_InitTick
                0x0000000008001878       0x60 ./Drivers/STM32F1xx_HAL_Driver/Src/stm32f1xx_hal.o
                0x0000000008001878                HAL_InitTick
 .text.HAL_IncTick
                0x00000000080018d8       0x24 ./Drivers/STM32F1xx_HAL_Driver/Src/stm32f1xx_hal.o
                0x00000000080018d8                HAL_IncTick
 .text.HAL_GetTick
                0x00000000080018fc       0x14 ./Drivers/STM32F1xx_HAL_Driver/Src/stm32f1xx_hal.o
                0x00000000080018fc                HAL_GetTick
 .text.__NVIC_SetPriorityGrouping
                0x0000000008001910       0x48 ./Drivers/STM32F1xx_HAL_Driver/Src/stm32f1xx_hal_cortex.o
 .text.__NVIC_GetPriorityGrouping
                0x0000000008001958       0x1c ./Drivers/STM32F1xx_HAL_Driver/Src/stm32f1xx_hal_cortex.o
 .text.__NVIC_EnableIRQ
                0x0000000008001974       0x38 ./Drivers/STM32F1xx_HAL_Driver/Src/stm32f1xx_hal_cortex.o
 .text.__NVIC_SetPriority
                0x00000000080019ac       0x54 ./Drivers/STM32F1xx_HAL_Driver/Src/stm32f1xx_hal_cortex.o
 .text.NVIC_EncodePriority
                0x0000000008001a00       0x64 ./Drivers/STM32F1xx_HAL_Driver/Src/stm32f1xx_hal_cortex.o
 .text.SysTick_Config
                0x0000000008001a64       0x44 ./Drivers/STM32F1xx_HAL_Driver/Src/stm32f1xx_hal_cortex.o
 .text.HAL_NVIC_SetPriorityGrouping
                0x0000000008001aa8       0x16 ./Drivers/STM32F1xx_HAL_Driver/Src/stm32f1xx_hal_cortex.o
                0x0000000008001aa8                HAL_NVIC_SetPriorityGrouping
 .text.HAL_NVIC_SetPriority
                0x0000000008001abe       0x38 ./Drivers/STM32F1xx_HAL_Driver/Src/stm32f1xx_hal_cortex.o
                0x0000000008001abe                HAL_NVIC_SetPriority
 .text.HAL_NVIC_EnableIRQ
                0x0000000008001af6       0x1c ./Drivers/STM32F1xx_HAL_Driver/Src/stm32f1xx_hal_cortex.o
                0x0000000008001af6                HAL_NVIC_EnableIRQ
 .text.HAL_SYSTICK_Config
                0x0000000008001b12       0x18 ./Drivers/STM32F1xx_HAL_Driver/Src/stm32f1xx_hal_cortex.o
                0x0000000008001b12                HAL_SYSTICK_Config
 *fill*         0x0000000008001b2a        0x2 
 .text.HAL_GPIO_Init
                0x0000000008001b2c      0x2f4 ./Drivers/STM32F1xx_HAL_Driver/Src/stm32f1xx_hal_gpio.o
                0x0000000008001b2c                HAL_GPIO_Init
 .text.HAL_GPIO_ReadPin
                0x0000000008001e20       0x2e ./Drivers/STM32F1xx_HAL_Driver/Src/stm32f1xx_hal_gpio.o
                0x0000000008001e20                HAL_GPIO_ReadPin
 .text.HAL_GPIO_WritePin
                0x0000000008001e4e       0x30 ./Drivers/STM32F1xx_HAL_Driver/Src/stm32f1xx_hal_gpio.o
                0x0000000008001e4e                HAL_GPIO_WritePin
 .text.HAL_GPIO_TogglePin
                0x0000000008001e7e       0x32 ./Drivers/STM32F1xx_HAL_Driver/Src/stm32f1xx_hal_gpio.o
                0x0000000008001e7e                HAL_GPIO_TogglePin
 .text.HAL_RCC_OscConfig
                0x0000000008001eb0      0x500 ./Drivers/STM32F1xx_HAL_Driver/Src/stm32f1xx_hal_rcc.o
                0x0000000008001eb0                HAL_RCC_OscConfig
 .text.HAL_RCC_ClockConfig
                0x00000000080023b0      0x1d4 ./Drivers/STM32F1xx_HAL_Driver/Src/stm32f1xx_hal_rcc.o
                0x00000000080023b0                HAL_RCC_ClockConfig
 .text.HAL_RCC_GetSysClockFreq
                0x0000000008002584       0xa8 ./Drivers/STM32F1xx_HAL_Driver/Src/stm32f1xx_hal_rcc.o
                0x0000000008002584                HAL_RCC_GetSysClockFreq
 .text.RCC_Delay
                0x000000000800262c       0x3c ./Drivers/STM32F1xx_HAL_Driver/Src/stm32f1xx_hal_rcc.o
 .text.HAL_TIM_Base_Init
                0x0000000008002668       0x9e ./Drivers/STM32F1xx_HAL_Driver/Src/stm32f1xx_hal_tim.o
                0x0000000008002668                HAL_TIM_Base_Init
 *fill*         0x0000000008002706        0x2 
 .text.HAL_TIM_Base_Start_IT
                0x0000000008002708       0x98 ./Drivers/STM32F1xx_HAL_Driver/Src/stm32f1xx_hal_tim.o
                0x0000000008002708                HAL_TIM_Base_Start_IT
 .text.HAL_TIM_IRQHandler
                0x00000000080027a0      0x1e0 ./Drivers/STM32F1xx_HAL_Driver/Src/stm32f1xx_hal_tim.o
                0x00000000080027a0                HAL_TIM_IRQHandler
 .text.HAL_TIM_ConfigClockSource
                0x0000000008002980      0x18e ./Drivers/STM32F1xx_HAL_Driver/Src/stm32f1xx_hal_tim.o
                0x0000000008002980                HAL_TIM_ConfigClockSource
 .text.HAL_TIM_OC_DelayElapsedCallback
                0x0000000008002b0e       0x12 ./Drivers/STM32F1xx_HAL_Driver/Src/stm32f1xx_hal_tim.o
                0x0000000008002b0e                HAL_TIM_OC_DelayElapsedCallback
 .text.HAL_TIM_IC_CaptureCallback
                0x0000000008002b20       0x12 ./Drivers/STM32F1xx_HAL_Driver/Src/stm32f1xx_hal_tim.o
                0x0000000008002b20                HAL_TIM_IC_CaptureCallback
 .text.HAL_TIM_PWM_PulseFinishedCallback
                0x0000000008002b32       0x12 ./Drivers/STM32F1xx_HAL_Driver/Src/stm32f1xx_hal_tim.o
                0x0000000008002b32                HAL_TIM_PWM_PulseFinishedCallback
 .text.HAL_TIM_TriggerCallback
                0x0000000008002b44       0x12 ./Drivers/STM32F1xx_HAL_Driver/Src/stm32f1xx_hal_tim.o
                0x0000000008002b44                HAL_TIM_TriggerCallback
 *fill*         0x0000000008002b56        0x2 
 .text.TIM_Base_SetConfig
                0x0000000008002b58       0xc8 ./Drivers/STM32F1xx_HAL_Driver/Src/stm32f1xx_hal_tim.o
                0x0000000008002b58                TIM_Base_SetConfig
 .text.TIM_TI1_ConfigInputStage
                0x0000000008002c20       0x5c ./Drivers/STM32F1xx_HAL_Driver/Src/stm32f1xx_hal_tim.o
 .text.TIM_TI2_ConfigInputStage
                0x0000000008002c7c       0x5e ./Drivers/STM32F1xx_HAL_Driver/Src/stm32f1xx_hal_tim.o
 .text.TIM_ITRx_SetConfig
                0x0000000008002cda       0x34 ./Drivers/STM32F1xx_HAL_Driver/Src/stm32f1xx_hal_tim.o
 .text.TIM_ETR_SetConfig
                0x0000000008002d0e       0x3e ./Drivers/STM32F1xx_HAL_Driver/Src/stm32f1xx_hal_tim.o
                0x0000000008002d0e                TIM_ETR_SetConfig
 .text.HAL_TIMEx_MasterConfigSynchronization
                0x0000000008002d4c       0xb0 ./Drivers/STM32F1xx_HAL_Driver/Src/stm32f1xx_hal_tim_ex.o
                0x0000000008002d4c                HAL_TIMEx_MasterConfigSynchronization
 .text.HAL_TIMEx_CommutCallback
                0x0000000008002dfc       0x12 ./Drivers/STM32F1xx_HAL_Driver/Src/stm32f1xx_hal_tim_ex.o
                0x0000000008002dfc                HAL_TIMEx_CommutCallback
 .text.HAL_TIMEx_BreakCallback
                0x0000000008002e0e       0x12 ./Drivers/STM32F1xx_HAL_Driver/Src/stm32f1xx_hal_tim_ex.o
                0x0000000008002e0e                HAL_TIMEx_BreakCallback
 .text.__libc_init_array
                0x0000000008002e20       0x48 d:/stm32cubeide_1.7.0/stm32cubeide/plugins/com.st.stm32cube.ide.mcu.externaltools.gnu-tools-for-stm32.9-2020-q2-update.win32_2.0.0.202105311346/tools/bin/../lib/gcc/arm-none-eabi/9.3.1/../../../../arm-none-eabi/lib/thumb/v7-m/nofp\libc_nano.a(lib_a-init.o)
                0x0000000008002e20                __libc_init_array
 .text.memset   0x0000000008002e68       0x10 d:/stm32cubeide_1.7.0/stm32cubeide/plugins/com.st.stm32cube.ide.mcu.externaltools.gnu-tools-for-stm32.9-2020-q2-update.win32_2.0.0.202105311346/tools/bin/../lib/gcc/arm-none-eabi/9.3.1/../../../../arm-none-eabi/lib/thumb/v7-m/nofp\libc_nano.a(lib_a-memset.o)
                0x0000000008002e68                memset
 *(.glue_7)
 .glue_7        0x0000000008002e78        0x0 linker stubs
 *(.glue_7t)
 .glue_7t       0x0000000008002e78        0x0 linker stubs
 *(.eh_frame)
 .eh_frame      0x0000000008002e78        0x0 d:/stm32cubeide_1.7.0/stm32cubeide/plugins/com.st.stm32cube.ide.mcu.externaltools.gnu-tools-for-stm32.9-2020-q2-update.win32_2.0.0.202105311346/tools/bin/../lib/gcc/arm-none-eabi/9.3.1/thumb/v7-m/nofp/crtbegin.o
 *(.init)
 .init          0x0000000008002e78        0x4 d:/stm32cubeide_1.7.0/stm32cubeide/plugins/com.st.stm32cube.ide.mcu.externaltools.gnu-tools-for-stm32.9-2020-q2-update.win32_2.0.0.202105311346/tools/bin/../lib/gcc/arm-none-eabi/9.3.1/thumb/v7-m/nofp/crti.o
                0x0000000008002e78                _init
 .init          0x0000000008002e7c        0x8 d:/stm32cubeide_1.7.0/stm32cubeide/plugins/com.st.stm32cube.ide.mcu.externaltools.gnu-tools-for-stm32.9-2020-q2-update.win32_2.0.0.202105311346/tools/bin/../lib/gcc/arm-none-eabi/9.3.1/thumb/v7-m/nofp/crtn.o
 *(.fini)
 .fini          0x0000000008002e84        0x4 d:/stm32cubeide_1.7.0/stm32cubeide/plugins/com.st.stm32cube.ide.mcu.externaltools.gnu-tools-for-stm32.9-2020-q2-update.win32_2.0.0.202105311346/tools/bin/../lib/gcc/arm-none-eabi/9.3.1/thumb/v7-m/nofp/crti.o
                0x0000000008002e84                _fini
 .fini          0x0000000008002e88        0x8 d:/stm32cubeide_1.7.0/stm32cubeide/plugins/com.st.stm32cube.ide.mcu.externaltools.gnu-tools-for-stm32.9-2020-q2-update.win32_2.0.0.202105311346/tools/bin/../lib/gcc/arm-none-eabi/9.3.1/thumb/v7-m/nofp/crtn.o
                0x0000000008002e90                . = ALIGN (0x4)
                0x0000000008002e90                _etext = .

.vfp11_veneer   0x0000000008002e90        0x0
 .vfp11_veneer  0x0000000008002e90        0x0 linker stubs

.v4_bx          0x0000000008002e90        0x0
 .v4_bx         0x0000000008002e90        0x0 linker stubs

.iplt           0x0000000008002e90        0x0
 .iplt          0x0000000008002e90        0x0 d:/stm32cubeide_1.7.0/stm32cubeide/plugins/com.st.stm32cube.ide.mcu.externaltools.gnu-tools-for-stm32.9-2020-q2-update.win32_2.0.0.202105311346/tools/bin/../lib/gcc/arm-none-eabi/9.3.1/thumb/v7-m/nofp/crtbegin.o

.rodata         0x0000000008002e90       0x24
                0x0000000008002e90                . = ALIGN (0x4)
 *(.rodata)
 *(.rodata*)
 .rodata.AHBPrescTable
                0x0000000008002e90       0x10 ./Core/Src/system_stm32f1xx.o
                0x0000000008002e90                AHBPrescTable
 .rodata.aPLLMULFactorTable.6032
                0x0000000008002ea0       0x10 ./Drivers/STM32F1xx_HAL_Driver/Src/stm32f1xx_hal_rcc.o
 .rodata.aPredivFactorTable.6033
                0x0000000008002eb0        0x2 ./Drivers/STM32F1xx_HAL_Driver/Src/stm32f1xx_hal_rcc.o
                0x0000000008002eb4                . = ALIGN (0x4)
 *fill*         0x0000000008002eb2        0x2 

.rel.dyn        0x0000000008002eb4        0x0
 .rel.iplt      0x0000000008002eb4        0x0 d:/stm32cubeide_1.7.0/stm32cubeide/plugins/com.st.stm32cube.ide.mcu.externaltools.gnu-tools-for-stm32.9-2020-q2-update.win32_2.0.0.202105311346/tools/bin/../lib/gcc/arm-none-eabi/9.3.1/thumb/v7-m/nofp/crtbegin.o

.ARM.extab      0x0000000008002eb4        0x0
                0x0000000008002eb4                . = ALIGN (0x4)
 *(.ARM.extab* .gnu.linkonce.armextab.*)
                0x0000000008002eb4                . = ALIGN (0x4)

.ARM            0x0000000008002eb4        0x0
                0x0000000008002eb4                . = ALIGN (0x4)
                0x0000000008002eb4                __exidx_start = .
 *(.ARM.exidx*)
                0x0000000008002eb4                __exidx_end = .
                0x0000000008002eb4                . = ALIGN (0x4)

.preinit_array  0x0000000008002eb4        0x0
                0x0000000008002eb4                . = ALIGN (0x4)
                0x0000000008002eb4                PROVIDE (__preinit_array_start = .)
 *(.preinit_array*)
                0x0000000008002eb4                PROVIDE (__preinit_array_end = .)
                0x0000000008002eb4                . = ALIGN (0x4)

.init_array     0x0000000008002eb4        0x4
                0x0000000008002eb4                . = ALIGN (0x4)
                0x0000000008002eb4                PROVIDE (__init_array_start = .)
 *(SORT_BY_NAME(.init_array.*))
 *(.init_array*)
 .init_array    0x0000000008002eb4        0x4 d:/stm32cubeide_1.7.0/stm32cubeide/plugins/com.st.stm32cube.ide.mcu.externaltools.gnu-tools-for-stm32.9-2020-q2-update.win32_2.0.0.202105311346/tools/bin/../lib/gcc/arm-none-eabi/9.3.1/thumb/v7-m/nofp/crtbegin.o
                0x0000000008002eb8                PROVIDE (__init_array_end = .)
                0x0000000008002eb8                . = ALIGN (0x4)

.fini_array     0x0000000008002eb8        0x4
                0x0000000008002eb8                . = ALIGN (0x4)
                [!provide]                        PROVIDE (__fini_array_start = .)
 *(SORT_BY_NAME(.fini_array.*))
 *(.fini_array*)
 .fini_array    0x0000000008002eb8        0x4 d:/stm32cubeide_1.7.0/stm32cubeide/plugins/com.st.stm32cube.ide.mcu.externaltools.gnu-tools-for-stm32.9-2020-q2-update.win32_2.0.0.202105311346/tools/bin/../lib/gcc/arm-none-eabi/9.3.1/thumb/v7-m/nofp/crtbegin.o
                [!provide]                        PROVIDE (__fini_array_end = .)
                0x0000000008002ebc                . = ALIGN (0x4)
                0x0000000008002ebc                _sidata = LOADADDR (.data)

.data           0x0000000020000000      0x160 load address 0x0000000008002ebc
                0x0000000020000000                . = ALIGN (0x4)
                0x0000000020000000                _sdata = .
 *(.data)
 *(.data*)
 .data.N0_OF_MODES
                0x0000000020000000        0x4 ./Core/Src/input_processing.o
                0x0000000020000000                N0_OF_MODES
 .data.red_counter_buffer
                0x0000000020000004        0x4 ./Core/Src/input_processing.o
                0x0000000020000004                red_counter_buffer
 .data.amber_counter_buffer
                0x0000000020000008        0x4 ./Core/Src/input_processing.o
                0x0000000020000008                amber_counter_buffer
 .data.green_counter_buffer
                0x000000002000000c        0x4 ./Core/Src/input_processing.o
                0x000000002000000c                green_counter_buffer
 .data.red_counter_buffer_temp
                0x0000000020000010        0x4 ./Core/Src/input_processing.o
                0x0000000020000010                red_counter_buffer_temp
 .data.amber_counter_buffer_temp
                0x0000000020000014        0x4 ./Core/Src/input_processing.o
                0x0000000020000014                amber_counter_buffer_temp
 .data.green_counter_buffer_temp
                0x0000000020000018        0x4 ./Core/Src/input_processing.o
                0x0000000020000018                green_counter_buffer_temp
 .data.digitSegment
                0x000000002000001c      0x118 ./Core/Src/led_display.o
                0x000000002000001c                digitSegment
 .data.led0_status
                0x0000000020000134        0x1 ./Core/Src/led_display.o
                0x0000000020000134                led0_status
 *fill*         0x0000000020000135        0x3 
 .data.red_counter_0
                0x0000000020000138        0x4 ./Core/Src/led_display.o
                0x0000000020000138                red_counter_0
 .data.amber_counter_0
                0x000000002000013c        0x4 ./Core/Src/led_display.o
                0x000000002000013c                amber_counter_0
 .data.green_counter_0
                0x0000000020000140        0x4 ./Core/Src/led_display.o
                0x0000000020000140                green_counter_0
 .data.red_counter_1
                0x0000000020000144        0x4 ./Core/Src/led_display.o
                0x0000000020000144                red_counter_1
 .data.amber_counter_1
                0x0000000020000148        0x4 ./Core/Src/led_display.o
                0x0000000020000148                amber_counter_1
 .data.green_counter_1
                0x000000002000014c        0x4 ./Core/Src/led_display.o
                0x000000002000014c                green_counter_1
 .data.SystemCoreClock
                0x0000000020000150        0x4 ./Core/Src/system_stm32f1xx.o
                0x0000000020000150                SystemCoreClock
 .data.TIMER_CYCLE
                0x0000000020000154        0x4 ./Core/Src/timer.o
                0x0000000020000154                TIMER_CYCLE
 .data.uwTickPrio
                0x0000000020000158        0x4 ./Drivers/STM32F1xx_HAL_Driver/Src/stm32f1xx_hal.o
                0x0000000020000158                uwTickPrio
 .data.uwTickFreq
                0x000000002000015c        0x1 ./Drivers/STM32F1xx_HAL_Driver/Src/stm32f1xx_hal.o
                0x000000002000015c                uwTickFreq
 *(.RamFunc)
 *(.RamFunc*)
                0x0000000020000160                . = ALIGN (0x4)
 *fill*         0x000000002000015d        0x3 
                0x0000000020000160                _edata = .

.igot.plt       0x0000000020000160        0x0 load address 0x000000000800301c
 .igot.plt      0x0000000020000160        0x0 d:/stm32cubeide_1.7.0/stm32cubeide/plugins/com.st.stm32cube.ide.mcu.externaltools.gnu-tools-for-stm32.9-2020-q2-update.win32_2.0.0.202105311346/tools/bin/../lib/gcc/arm-none-eabi/9.3.1/thumb/v7-m/nofp/crtbegin.o
                0x0000000020000160                . = ALIGN (0x4)

.bss            0x0000000020000160       0xfc load address 0x000000000800301c
                0x0000000020000160                _sbss = .
                0x0000000020000160                __bss_start__ = _sbss
 *(.bss)
 .bss           0x0000000020000160       0x1c d:/stm32cubeide_1.7.0/stm32cubeide/plugins/com.st.stm32cube.ide.mcu.externaltools.gnu-tools-for-stm32.9-2020-q2-update.win32_2.0.0.202105311346/tools/bin/../lib/gcc/arm-none-eabi/9.3.1/thumb/v7-m/nofp/crtbegin.o
 *(.bss*)
 .bss.button1_toggle_flag
                0x000000002000017c        0x4 ./Core/Src/input_processing.o
                0x000000002000017c                button1_toggle_flag
 .bss.button2_toggle_flag
                0x0000000020000180        0x4 ./Core/Src/input_processing.o
                0x0000000020000180                button2_toggle_flag
 .bss.button3_toggle_flag
                0x0000000020000184        0x4 ./Core/Src/input_processing.o
                0x0000000020000184                button3_toggle_flag
 .bss.button1State
                0x0000000020000188        0x1 ./Core/Src/input_processing.o
                0x0000000020000188                button1State
 .bss.button2State
                0x0000000020000189        0x1 ./Core/Src/input_processing.o
                0x0000000020000189                button2State
 .bss.button3State
                0x000000002000018a        0x1 ./Core/Src/input_processing.o
                0x000000002000018a                button3State
 .bss.button4State
                0x000000002000018b        0x1 ./Core/Src/input_processing.o
                0x000000002000018b                button4State
 .bss.led_buffer_0
                0x000000002000018c        0x8 ./Core/Src/input_processing.o
                0x000000002000018c                led_buffer_0
 .bss.led_buffer_1
                0x0000000020000194        0x8 ./Core/Src/input_processing.o
                0x0000000020000194                led_buffer_1
 .bss.mode      0x000000002000019c        0x4 ./Core/Src/input_processing.o
                0x000000002000019c                mode
 .bss.buttonBuffer
                0x00000000200001a0        0x4 ./Core/Src/input_reading.o
 .bss.debounceButtonBuffer1
                0x00000000200001a4        0x4 ./Core/Src/input_reading.o
 .bss.debounceButtonBuffer2
                0x00000000200001a8        0x4 ./Core/Src/input_reading.o
 .bss.flagForButtonPress1s
                0x00000000200001ac        0x4 ./Core/Src/input_reading.o
 .bss.counterForButtonPress1s
                0x00000000200001b0        0x8 ./Core/Src/input_reading.o
 .bss.led1_status
                0x00000000200001b8        0x1 ./Core/Src/led_display.o
                0x00000000200001b8                led1_status
 *fill*         0x00000000200001b9        0x3 
 .bss.led_index
                0x00000000200001bc        0x4 ./Core/Src/led_display.o
                0x00000000200001bc                led_index
 *(COMMON)
 COMMON         0x00000000200001c0       0x48 ./Core/Src/main.o
                0x00000000200001c0                htim2
 COMMON         0x0000000020000208       0x50 ./Core/Src/timer.o
                0x0000000020000208                timer_counter
                0x0000000020000230                timer_flag
 COMMON         0x0000000020000258        0x4 ./Drivers/STM32F1xx_HAL_Driver/Src/stm32f1xx_hal.o
                0x0000000020000258                uwTick
                0x000000002000025c                . = ALIGN (0x4)
                0x000000002000025c                _ebss = .
                0x000000002000025c                __bss_end__ = _ebss

._user_heap_stack
                0x000000002000025c      0x604 load address 0x000000000800301c
                0x0000000020000260                . = ALIGN (0x8)
 *fill*         0x000000002000025c        0x4 
                [!provide]                        PROVIDE (end = .)
                0x0000000020000260                PROVIDE (_end = .)
                0x0000000020000460                . = (. + _Min_Heap_Size)
 *fill*         0x0000000020000260      0x200 
                0x0000000020000860                . = (. + _Min_Stack_Size)
 *fill*         0x0000000020000460      0x400 
                0x0000000020000860                . = ALIGN (0x8)

/DISCARD/
 libc.a(*)
 libm.a(*)
 libgcc.a(*)

.ARM.attributes
                0x0000000000000000       0x29
 *(.ARM.attributes)
 .ARM.attributes
                0x0000000000000000       0x1d d:/stm32cubeide_1.7.0/stm32cubeide/plugins/com.st.stm32cube.ide.mcu.externaltools.gnu-tools-for-stm32.9-2020-q2-update.win32_2.0.0.202105311346/tools/bin/../lib/gcc/arm-none-eabi/9.3.1/thumb/v7-m/nofp/crti.o
 .ARM.attributes
                0x000000000000001d       0x2d d:/stm32cubeide_1.7.0/stm32cubeide/plugins/com.st.stm32cube.ide.mcu.externaltools.gnu-tools-for-stm32.9-2020-q2-update.win32_2.0.0.202105311346/tools/bin/../lib/gcc/arm-none-eabi/9.3.1/thumb/v7-m/nofp/crtbegin.o
 .ARM.attributes
                0x000000000000004a       0x2d ./Core/Src/input_processing.o
 .ARM.attributes
                0x0000000000000077       0x2d ./Core/Src/input_reading.o
 .ARM.attributes
                0x00000000000000a4       0x2d ./Core/Src/led_display.o
 .ARM.attributes
                0x00000000000000d1       0x2d ./Core/Src/main.o
 .ARM.attributes
                0x00000000000000fe       0x2d ./Core/Src/stm32f1xx_hal_msp.o
 .ARM.attributes
                0x000000000000012b       0x2d ./Core/Src/stm32f1xx_it.o
 .ARM.attributes
                0x0000000000000158       0x2d ./Core/Src/system_stm32f1xx.o
 .ARM.attributes
                0x0000000000000185       0x2d ./Core/Src/timer.o
 .ARM.attributes
                0x00000000000001b2       0x21 ./Core/Startup/startup_stm32f103c6ux.o
 .ARM.attributes
                0x00000000000001d3       0x2d ./Drivers/STM32F1xx_HAL_Driver/Src/stm32f1xx_hal.o
 .ARM.attributes
                0x0000000000000200       0x2d ./Drivers/STM32F1xx_HAL_Driver/Src/stm32f1xx_hal_cortex.o
 .ARM.attributes
                0x000000000000022d       0x2d ./Drivers/STM32F1xx_HAL_Driver/Src/stm32f1xx_hal_gpio.o
 .ARM.attributes
                0x000000000000025a       0x2d ./Drivers/STM32F1xx_HAL_Driver/Src/stm32f1xx_hal_rcc.o
 .ARM.attributes
                0x0000000000000287       0x2d ./Drivers/STM32F1xx_HAL_Driver/Src/stm32f1xx_hal_tim.o
 .ARM.attributes
                0x00000000000002b4       0x2d ./Drivers/STM32F1xx_HAL_Driver/Src/stm32f1xx_hal_tim_ex.o
 .ARM.attributes
                0x00000000000002e1       0x2d d:/stm32cubeide_1.7.0/stm32cubeide/plugins/com.st.stm32cube.ide.mcu.externaltools.gnu-tools-for-stm32.9-2020-q2-update.win32_2.0.0.202105311346/tools/bin/../lib/gcc/arm-none-eabi/9.3.1/../../../../arm-none-eabi/lib/thumb/v7-m/nofp\libc_nano.a(lib_a-init.o)
 .ARM.attributes
                0x000000000000030e       0x2d d:/stm32cubeide_1.7.0/stm32cubeide/plugins/com.st.stm32cube.ide.mcu.externaltools.gnu-tools-for-stm32.9-2020-q2-update.win32_2.0.0.202105311346/tools/bin/../lib/gcc/arm-none-eabi/9.3.1/../../../../arm-none-eabi/lib/thumb/v7-m/nofp\libc_nano.a(lib_a-memset.o)
 .ARM.attributes
                0x000000000000033b       0x1d d:/stm32cubeide_1.7.0/stm32cubeide/plugins/com.st.stm32cube.ide.mcu.externaltools.gnu-tools-for-stm32.9-2020-q2-update.win32_2.0.0.202105311346/tools/bin/../lib/gcc/arm-none-eabi/9.3.1/thumb/v7-m/nofp/crtn.o
OUTPUT(LAB3.elf elf32-littlearm)
LOAD linker stubs
LOAD d:/stm32cubeide_1.7.0/stm32cubeide/plugins/com.st.stm32cube.ide.mcu.externaltools.gnu-tools-for-stm32.9-2020-q2-update.win32_2.0.0.202105311346/tools/bin/../lib/gcc/arm-none-eabi/9.3.1/../../../../arm-none-eabi/lib/thumb/v7-m/nofp\libc.a
LOAD d:/stm32cubeide_1.7.0/stm32cubeide/plugins/com.st.stm32cube.ide.mcu.externaltools.gnu-tools-for-stm32.9-2020-q2-update.win32_2.0.0.202105311346/tools/bin/../lib/gcc/arm-none-eabi/9.3.1/../../../../arm-none-eabi/lib/thumb/v7-m/nofp\libm.a
LOAD d:/stm32cubeide_1.7.0/stm32cubeide/plugins/com.st.stm32cube.ide.mcu.externaltools.gnu-tools-for-stm32.9-2020-q2-update.win32_2.0.0.202105311346/tools/bin/../lib/gcc/arm-none-eabi/9.3.1/thumb/v7-m/nofp\libgcc.a

.debug_info     0x0000000000000000     0x9bb5
 .debug_info    0x0000000000000000      0x519 ./Core/Src/input_processing.o
 .debug_info    0x0000000000000519      0x37a ./Core/Src/input_reading.o
 .debug_info    0x0000000000000893      0x595 ./Core/Src/led_display.o
 .debug_info    0x0000000000000e28      0xc98 ./Core/Src/main.o
 .debug_info    0x0000000000001ac0      0xa09 ./Core/Src/stm32f1xx_hal_msp.o
 .debug_info    0x00000000000024c9      0x7b9 ./Core/Src/stm32f1xx_it.o
 .debug_info    0x0000000000002c82      0x2be ./Core/Src/system_stm32f1xx.o
 .debug_info    0x0000000000002f40      0x804 ./Core/Src/timer.o
 .debug_info    0x0000000000003744       0x22 ./Core/Startup/startup_stm32f103c6ux.o
 .debug_info    0x0000000000003766      0x74c ./Drivers/STM32F1xx_HAL_Driver/Src/stm32f1xx_hal.o
 .debug_info    0x0000000000003eb2      0xbbe ./Drivers/STM32F1xx_HAL_Driver/Src/stm32f1xx_hal_cortex.o
 .debug_info    0x0000000000004a70      0x701 ./Drivers/STM32F1xx_HAL_Driver/Src/stm32f1xx_hal_gpio.o
 .debug_info    0x0000000000005171      0x893 ./Drivers/STM32F1xx_HAL_Driver/Src/stm32f1xx_hal_rcc.o
 .debug_info    0x0000000000005a04     0x2c32 ./Drivers/STM32F1xx_HAL_Driver/Src/stm32f1xx_hal_tim.o
 .debug_info    0x0000000000008636     0x157f ./Drivers/STM32F1xx_HAL_Driver/Src/stm32f1xx_hal_tim_ex.o

.debug_abbrev   0x0000000000000000     0x1b8a
 .debug_abbrev  0x0000000000000000      0x171 ./Core/Src/input_processing.o
 .debug_abbrev  0x0000000000000171      0x156 ./Core/Src/input_reading.o
 .debug_abbrev  0x00000000000002c7      0x1dc ./Core/Src/led_display.o
 .debug_abbrev  0x00000000000004a3      0x23e ./Core/Src/main.o
 .debug_abbrev  0x00000000000006e1      0x1b7 ./Core/Src/stm32f1xx_hal_msp.o
 .debug_abbrev  0x0000000000000898      0x176 ./Core/Src/stm32f1xx_it.o
 .debug_abbrev  0x0000000000000a0e      0x14e ./Core/Src/system_stm32f1xx.o
 .debug_abbrev  0x0000000000000b5c      0x1fd ./Core/Src/timer.o
 .debug_abbrev  0x0000000000000d59       0x12 ./Core/Startup/startup_stm32f103c6ux.o
 .debug_abbrev  0x0000000000000d6b      0x1ed ./Drivers/STM32F1xx_HAL_Driver/Src/stm32f1xx_hal.o
 .debug_abbrev  0x0000000000000f58      0x313 ./Drivers/STM32F1xx_HAL_Driver/Src/stm32f1xx_hal_cortex.o
 .debug_abbrev  0x000000000000126b      0x1e8 ./Drivers/STM32F1xx_HAL_Driver/Src/stm32f1xx_hal_gpio.o
 .debug_abbrev  0x0000000000001453      0x273 ./Drivers/STM32F1xx_HAL_Driver/Src/stm32f1xx_hal_rcc.o
 .debug_abbrev  0x00000000000016c6      0x25e ./Drivers/STM32F1xx_HAL_Driver/Src/stm32f1xx_hal_tim.o
 .debug_abbrev  0x0000000000001924      0x266 ./Drivers/STM32F1xx_HAL_Driver/Src/stm32f1xx_hal_tim_ex.o

.debug_aranges  0x0000000000000000      0xa58
 .debug_aranges
                0x0000000000000000       0x50 ./Core/Src/input_processing.o
 .debug_aranges
                0x0000000000000050       0x30 ./Core/Src/input_reading.o
 .debug_aranges
                0x0000000000000080       0x78 ./Core/Src/led_display.o
 .debug_aranges
                0x00000000000000f8       0x40 ./Core/Src/main.o
 .debug_aranges
                0x0000000000000138       0x30 ./Core/Src/stm32f1xx_hal_msp.o
 .debug_aranges
                0x0000000000000168       0x68 ./Core/Src/stm32f1xx_it.o
 .debug_aranges
                0x00000000000001d0       0x28 ./Core/Src/system_stm32f1xx.o
 .debug_aranges
                0x00000000000001f8       0x38 ./Core/Src/timer.o
 .debug_aranges
                0x0000000000000230       0x28 ./Core/Startup/startup_stm32f103c6ux.o
 .debug_aranges
                0x0000000000000258       0xe0 ./Drivers/STM32F1xx_HAL_Driver/Src/stm32f1xx_hal.o
 .debug_aranges
                0x0000000000000338      0x100 ./Drivers/STM32F1xx_HAL_Driver/Src/stm32f1xx_hal_cortex.o
 .debug_aranges
                0x0000000000000438       0x58 ./Drivers/STM32F1xx_HAL_Driver/Src/stm32f1xx_hal_gpio.o
 .debug_aranges
                0x0000000000000490       0x90 ./Drivers/STM32F1xx_HAL_Driver/Src/stm32f1xx_hal_rcc.o
 .debug_aranges
                0x0000000000000520      0x3d0 ./Drivers/STM32F1xx_HAL_Driver/Src/stm32f1xx_hal_tim.o
 .debug_aranges
                0x00000000000008f0      0x168 ./Drivers/STM32F1xx_HAL_Driver/Src/stm32f1xx_hal_tim_ex.o

.debug_ranges   0x0000000000000000      0x970
 .debug_ranges  0x0000000000000000       0x40 ./Core/Src/input_processing.o
 .debug_ranges  0x0000000000000040       0x20 ./Core/Src/input_reading.o
 .debug_ranges  0x0000000000000060       0x68 ./Core/Src/led_display.o
 .debug_ranges  0x00000000000000c8       0x30 ./Core/Src/main.o
 .debug_ranges  0x00000000000000f8       0x20 ./Core/Src/stm32f1xx_hal_msp.o
 .debug_ranges  0x0000000000000118       0x58 ./Core/Src/stm32f1xx_it.o
 .debug_ranges  0x0000000000000170       0x18 ./Core/Src/system_stm32f1xx.o
 .debug_ranges  0x0000000000000188       0x28 ./Core/Src/timer.o
 .debug_ranges  0x00000000000001b0       0x20 ./Core/Startup/startup_stm32f103c6ux.o
 .debug_ranges  0x00000000000001d0       0xd0 ./Drivers/STM32F1xx_HAL_Driver/Src/stm32f1xx_hal.o
 .debug_ranges  0x00000000000002a0       0xf0 ./Drivers/STM32F1xx_HAL_Driver/Src/stm32f1xx_hal_cortex.o
 .debug_ranges  0x0000000000000390       0x48 ./Drivers/STM32F1xx_HAL_Driver/Src/stm32f1xx_hal_gpio.o
 .debug_ranges  0x00000000000003d8       0x80 ./Drivers/STM32F1xx_HAL_Driver/Src/stm32f1xx_hal_rcc.o
 .debug_ranges  0x0000000000000458      0x3c0 ./Drivers/STM32F1xx_HAL_Driver/Src/stm32f1xx_hal_tim.o
 .debug_ranges  0x0000000000000818      0x158 ./Drivers/STM32F1xx_HAL_Driver/Src/stm32f1xx_hal_tim_ex.o

.debug_macro    0x0000000000000000    0x16afb
 .debug_macro   0x0000000000000000      0x1d0 ./Core/Src/input_processing.o
 .debug_macro   0x00000000000001d0      0xa9c ./Core/Src/input_processing.o
 .debug_macro   0x0000000000000c6c      0x215 ./Core/Src/input_processing.o
 .debug_macro   0x0000000000000e81       0x2e ./Core/Src/input_processing.o
 .debug_macro   0x0000000000000eaf       0x22 ./Core/Src/input_processing.o
 .debug_macro   0x0000000000000ed1       0x22 ./Core/Src/input_processing.o
 .debug_macro   0x0000000000000ef3       0x8e ./Core/Src/input_processing.o
 .debug_macro   0x0000000000000f81       0x51 ./Core/Src/input_processing.o
 .debug_macro   0x0000000000000fd2      0x103 ./Core/Src/input_processing.o
 .debug_macro   0x00000000000010d5       0x6a ./Core/Src/input_processing.o
 .debug_macro   0x000000000000113f      0x1df ./Core/Src/input_processing.o
 .debug_macro   0x000000000000131e       0x1c ./Core/Src/input_processing.o
 .debug_macro   0x000000000000133a       0x22 ./Core/Src/input_processing.o
 .debug_macro   0x000000000000135c       0xc3 ./Core/Src/input_processing.o
 .debug_macro   0x000000000000141f      0xd23 ./Core/Src/input_processing.o
 .debug_macro   0x0000000000002142     0xde75 ./Core/Src/input_processing.o
 .debug_macro   0x000000000000ffb7       0x6d ./Core/Src/input_processing.o
 .debug_macro   0x0000000000010024     0x34a2 ./Core/Src/input_processing.o
 .debug_macro   0x00000000000134c6      0x174 ./Core/Src/input_processing.o
 .debug_macro   0x000000000001363a       0x5c ./Core/Src/input_processing.o
 .debug_macro   0x0000000000013696      0x5bc ./Core/Src/input_processing.o
 .debug_macro   0x0000000000013c52      0x1b7 ./Core/Src/input_processing.o
 .debug_macro   0x0000000000013e09      0x1cb ./Core/Src/input_processing.o
 .debug_macro   0x0000000000013fd4      0x114 ./Core/Src/input_processing.o
 .debug_macro   0x00000000000140e8      0x1b2 ./Core/Src/input_processing.o
 .debug_macro   0x000000000001429a       0x27 ./Core/Src/input_processing.o
 .debug_macro   0x00000000000142c1      0x12f ./Core/Src/input_processing.o
 .debug_macro   0x00000000000143f0      0x1bc ./Core/Src/input_processing.o
 .debug_macro   0x00000000000145ac       0x34 ./Core/Src/input_processing.o
 .debug_macro   0x00000000000145e0       0x3c ./Core/Src/input_processing.o
 .debug_macro   0x000000000001461c       0x57 ./Core/Src/input_processing.o
 .debug_macro   0x0000000000014673       0x87 ./Core/Src/input_processing.o
 .debug_macro   0x00000000000146fa      0x183 ./Core/Src/input_processing.o
 .debug_macro   0x000000000001487d      0x140 ./Core/Src/input_processing.o
 .debug_macro   0x00000000000149bd      0x8ed ./Core/Src/input_processing.o
 .debug_macro   0x00000000000152aa       0x69 ./Core/Src/input_processing.o
 .debug_macro   0x0000000000015313      0x16c ./Core/Src/input_processing.o
 .debug_macro   0x000000000001547f       0x10 ./Core/Src/input_processing.o
 .debug_macro   0x000000000001548f       0x1c ./Core/Src/input_processing.o
 .debug_macro   0x00000000000154ab      0x1cc ./Core/Src/input_reading.o
 .debug_macro   0x0000000000015677      0x1db ./Core/Src/led_display.o
 .debug_macro   0x0000000000015852      0x1d0 ./Core/Src/main.o
 .debug_macro   0x0000000000015a22      0x1a6 ./Core/Src/stm32f1xx_hal_msp.o
 .debug_macro   0x0000000000015bc8      0x1b0 ./Core/Src/stm32f1xx_it.o
 .debug_macro   0x0000000000015d78      0x197 ./Core/Src/system_stm32f1xx.o
 .debug_macro   0x0000000000015f0f      0x1c0 ./Core/Src/timer.o
 .debug_macro   0x00000000000160cf      0x1bb ./Drivers/STM32F1xx_HAL_Driver/Src/stm32f1xx_hal.o
 .debug_macro   0x000000000001628a      0x197 ./Drivers/STM32F1xx_HAL_Driver/Src/stm32f1xx_hal_cortex.o
 .debug_macro   0x0000000000016421      0x202 ./Drivers/STM32F1xx_HAL_Driver/Src/stm32f1xx_hal_gpio.o
 .debug_macro   0x0000000000016623      0x1a9 ./Drivers/STM32F1xx_HAL_Driver/Src/stm32f1xx_hal_rcc.o
 .debug_macro   0x00000000000167cc      0x198 ./Drivers/STM32F1xx_HAL_Driver/Src/stm32f1xx_hal_tim.o
 .debug_macro   0x0000000000016964      0x197 ./Drivers/STM32F1xx_HAL_Driver/Src/stm32f1xx_hal_tim_ex.o

.debug_line     0x0000000000000000     0xb494
 .debug_line    0x0000000000000000      0xa04 ./Core/Src/input_processing.o
 .debug_line    0x0000000000000a04      0x74a ./Core/Src/input_reading.o
 .debug_line    0x000000000000114e      0x986 ./Core/Src/led_display.o
 .debug_line    0x0000000000001ad4      0x7ad ./Core/Src/main.o
 .debug_line    0x0000000000002281      0x695 ./Core/Src/stm32f1xx_hal_msp.o
 .debug_line    0x0000000000002916      0x733 ./Core/Src/stm32f1xx_it.o
 .debug_line    0x0000000000003049      0x6d7 ./Core/Src/system_stm32f1xx.o
 .debug_line    0x0000000000003720      0x6f8 ./Core/Src/timer.o
 .debug_line    0x0000000000003e18       0x86 ./Core/Startup/startup_stm32f103c6ux.o
 .debug_line    0x0000000000003e9e      0x904 ./Drivers/STM32F1xx_HAL_Driver/Src/stm32f1xx_hal.o
 .debug_line    0x00000000000047a2      0xaec ./Drivers/STM32F1xx_HAL_Driver/Src/stm32f1xx_hal_cortex.o
 .debug_line    0x000000000000528e      0x987 ./Drivers/STM32F1xx_HAL_Driver/Src/stm32f1xx_hal_gpio.o
 .debug_line    0x0000000000005c15      0xd10 ./Drivers/STM32F1xx_HAL_Driver/Src/stm32f1xx_hal_rcc.o
 .debug_line    0x0000000000006925     0x3355 ./Drivers/STM32F1xx_HAL_Driver/Src/stm32f1xx_hal_tim.o
 .debug_line    0x0000000000009c7a     0x181a ./Drivers/STM32F1xx_HAL_Driver/Src/stm32f1xx_hal_tim_ex.o

.debug_str      0x0000000000000000    0x828c1
 .debug_str     0x0000000000000000    0x7fcf4 ./Core/Src/input_processing.o
                                      0x80077 (size before relaxing)
 .debug_str     0x000000000007fcf4      0x16b ./Core/Src/input_reading.o
                                      0x7fe53 (size before relaxing)
 .debug_str     0x000000000007fe5f       0xfa ./Core/Src/led_display.o
                                      0x7ffad (size before relaxing)
 .debug_str     0x000000000007ff59      0x6bc ./Core/Src/main.o
                                      0x8060d (size before relaxing)
 .debug_str     0x0000000000080615      0x2ba ./Core/Src/stm32f1xx_hal_msp.o
                                      0x8047f (size before relaxing)
 .debug_str     0x00000000000808cf       0xcd ./Core/Src/stm32f1xx_it.o
                                      0x801e1 (size before relaxing)
 .debug_str     0x000000000008099c       0x52 ./Core/Src/system_stm32f1xx.o
                                      0x7f762 (size before relaxing)
 .debug_str     0x00000000000809ee       0x6d ./Core/Src/timer.o
                                      0x801ce (size before relaxing)
 .debug_str     0x0000000000080a5b       0x36 ./Core/Startup/startup_stm32f103c6ux.o
                                         0x56 (size before relaxing)
 .debug_str     0x0000000000080a91      0x304 ./Drivers/STM32F1xx_HAL_Driver/Src/stm32f1xx_hal.o
                                      0x7fdb9 (size before relaxing)
 .debug_str     0x0000000000080d95      0x300 ./Drivers/STM32F1xx_HAL_Driver/Src/stm32f1xx_hal_cortex.o
                                      0x7fdc1 (size before relaxing)
 .debug_str     0x0000000000081095      0x311 ./Drivers/STM32F1xx_HAL_Driver/Src/stm32f1xx_hal_gpio.o
                                      0x7fb26 (size before relaxing)
 .debug_str     0x00000000000813a6      0x24f ./Drivers/STM32F1xx_HAL_Driver/Src/stm32f1xx_hal_rcc.o
                                      0x7fb5f (size before relaxing)
 .debug_str     0x00000000000815f5      0xdde ./Drivers/STM32F1xx_HAL_Driver/Src/stm32f1xx_hal_tim.o
                                      0x80b48 (size before relaxing)
 .debug_str     0x00000000000823d3      0x4ee ./Drivers/STM32F1xx_HAL_Driver/Src/stm32f1xx_hal_tim_ex.o
                                      0x802e9 (size before relaxing)

.comment        0x0000000000000000       0x53
 .comment       0x0000000000000000       0x53 ./Core/Src/input_processing.o
                                         0x54 (size before relaxing)
 .comment       0x0000000000000053       0x54 ./Core/Src/input_reading.o
 .comment       0x0000000000000053       0x54 ./Core/Src/led_display.o
 .comment       0x0000000000000053       0x54 ./Core/Src/main.o
 .comment       0x0000000000000053       0x54 ./Core/Src/stm32f1xx_hal_msp.o
 .comment       0x0000000000000053       0x54 ./Core/Src/stm32f1xx_it.o
 .comment       0x0000000000000053       0x54 ./Core/Src/system_stm32f1xx.o
 .comment       0x0000000000000053       0x54 ./Core/Src/timer.o
 .comment       0x0000000000000053       0x54 ./Drivers/STM32F1xx_HAL_Driver/Src/stm32f1xx_hal.o
 .comment       0x0000000000000053       0x54 ./Drivers/STM32F1xx_HAL_Driver/Src/stm32f1xx_hal_cortex.o
 .comment       0x0000000000000053       0x54 ./Drivers/STM32F1xx_HAL_Driver/Src/stm32f1xx_hal_gpio.o
 .comment       0x0000000000000053       0x54 ./Drivers/STM32F1xx_HAL_Driver/Src/stm32f1xx_hal_rcc.o
 .comment       0x0000000000000053       0x54 ./Drivers/STM32F1xx_HAL_Driver/Src/stm32f1xx_hal_tim.o
 .comment       0x0000000000000053       0x54 ./Drivers/STM32F1xx_HAL_Driver/Src/stm32f1xx_hal_tim_ex.o

.debug_frame    0x0000000000000000     0x2970
 .debug_frame   0x0000000000000000      0x104 ./Core/Src/input_processing.o
 .debug_frame   0x0000000000000104       0x88 ./Core/Src/input_reading.o
 .debug_frame   0x000000000000018c      0x198 ./Core/Src/led_display.o
 .debug_frame   0x0000000000000324       0xb0 ./Core/Src/main.o
 .debug_frame   0x00000000000003d4       0x80 ./Core/Src/stm32f1xx_hal_msp.o
 .debug_frame   0x0000000000000454      0x120 ./Core/Src/stm32f1xx_it.o
 .debug_frame   0x0000000000000574       0x58 ./Core/Src/system_stm32f1xx.o
 .debug_frame   0x00000000000005cc       0xac ./Core/Src/timer.o
 .debug_frame   0x0000000000000678      0x334 ./Drivers/STM32F1xx_HAL_Driver/Src/stm32f1xx_hal.o
 .debug_frame   0x00000000000009ac      0x428 ./Drivers/STM32F1xx_HAL_Driver/Src/stm32f1xx_hal_cortex.o
 .debug_frame   0x0000000000000dd4      0x14c ./Drivers/STM32F1xx_HAL_Driver/Src/stm32f1xx_hal_gpio.o
 .debug_frame   0x0000000000000f20      0x218 ./Drivers/STM32F1xx_HAL_Driver/Src/stm32f1xx_hal_rcc.o
 .debug_frame   0x0000000000001138     0x11b4 ./Drivers/STM32F1xx_HAL_Driver/Src/stm32f1xx_hal_tim.o
 .debug_frame   0x00000000000022ec      0x638 ./Drivers/STM32F1xx_HAL_Driver/Src/stm32f1xx_hal_tim_ex.o
 .debug_frame   0x0000000000002924       0x2c d:/stm32cubeide_1.7.0/stm32cubeide/plugins/com.st.stm32cube.ide.mcu.externaltools.gnu-tools-for-stm32.9-2020-q2-update.win32_2.0.0.202105311346/tools/bin/../lib/gcc/arm-none-eabi/9.3.1/../../../../arm-none-eabi/lib/thumb/v7-m/nofp\libc_nano.a(lib_a-init.o)
 .debug_frame   0x0000000000002950       0x20 d:/stm32cubeide_1.7.0/stm32cubeide/plugins/com.st.stm32cube.ide.mcu.externaltools.gnu-tools-for-stm32.9-2020-q2-update.win32_2.0.0.202105311346/tools/bin/../lib/gcc/arm-none-eabi/9.3.1/../../../../arm-none-eabi/lib/thumb/v7-m/nofp\libc_nano.a(lib_a-memset.o)
