led_display.c:41:6:display7SEG_0	16	static
led_display.c:51:6:display7SEG_1	16	static
led_display.c:61:6:update7SEG_0	16	static
led_display.c:79:6:update7SEG_1	16	static
led_display.c:95:6:clearAllLeds	8	static
led_display.c:105:6:displayLED_0	16	static
led_display.c:121:6:displayLED_1	16	static
led_display.c:137:6:initState	8	static
led_display.c:187:6:resetState	8	static
led_display.c:221:6:trafficCounter	8	static
led_display.c:313:6:blinkLED	16	static
led_display.c:334:6:outputProcessing	8	static
