led_display.c:41:6:display7SEG_0	16	static
led_display.c:51:6:display7SEG_1	16	static
led_display.c:61:6:update7SEG_0	16	static
led_display.c:79:6:update7SEG_1	16	static
led_display.c:95:6:clearAllLeds	8	static
led_display.c:105:6:displayLED_0	16	static
led_display.c:121:6:displayLED_1	16	static
led_display.c:137:6:defaultState	8	static
led_display.c:175:6:resetState	8	static
led_display.c:205:6:displayTrafficIdle	8	static
led_display.c:296:6:blinkLED	16	static
led_display.c:314:6:output_processing	8	static
